2026-03-02 17:26:14,374 - INFO - 程序启动于: 2026-03-02 17:26:14.374559
2026-03-02 17:26:14,374 - INFO - === PubMed RSS DOI提取程序 ===
2026-03-02 17:26:14,374 - INFO - 当前时间: 2026-03-02 17:26:14
2026-03-02 17:26:14,375 - INFO - 开始执行新的一轮任务...
2026-03-02 17:26:14,375 - INFO - 已创建新的CSV文件: D:\pycharm_project\AutoPaperdownload\PaperDoi.csv
2026-03-02 17:26:14,375 - INFO - 
正在打开PubMed网站...
2026-03-02 17:26:24,422 - INFO - 
正在执行搜索: (PCL) AND (Light curing)
2026-03-02 17:26:32,687 - INFO - 
正在获取RSS订阅链接...
2026-03-02 17:26:32,748 - ERROR - 获取RSS链接时出错: The confidence keyword argument is only available if OpenCV is installed.
2026-03-02 17:26:32,749 - INFO - 正在关闭所有浏览器进程...
2026-03-02 17:26:32,766 - INFO - 已关闭 20 个浏览器进程
2026-03-02 17:26:32,766 - INFO - 当前时间: 2026-03-02 17:26:32
2026-03-02 17:26:32,766 - INFO - 开始执行新的一轮任务...
2026-03-02 17:26:32,766 - INFO - 
正在打开PubMed网站...
2026-03-02 17:26:42,774 - INFO - 
正在执行搜索: (PCL) AND (Light curing)
2026-03-02 17:26:51,042 - INFO - 
正在获取RSS订阅链接...
2026-03-02 17:26:51,115 - ERROR - 获取RSS链接时出错: The confidence keyword argument is only available if OpenCV is installed.
2026-03-02 17:26:51,116 - INFO - 正在关闭所有浏览器进程...
2026-03-02 17:26:51,122 - INFO - 已关闭 25 个浏览器进程
2026-03-02 17:26:51,122 - INFO - 当前时间: 2026-03-02 17:26:51
2026-03-02 17:26:51,122 - INFO - 开始执行新的一轮任务...
2026-03-02 17:26:51,122 - INFO - 
正在打开PubMed网站...
2026-03-02 17:27:01,129 - INFO - 
正在执行搜索: (PCL) AND (Light curing)
2026-03-02 17:27:09,396 - INFO - 
正在获取RSS订阅链接...
2026-03-02 17:27:09,466 - ERROR - 获取RSS链接时出错: The confidence keyword argument is only available if OpenCV is installed.
2026-03-02 17:27:09,467 - INFO - 正在关闭所有浏览器进程...
2026-03-02 17:27:09,470 - INFO - 已关闭 17 个浏览器进程
2026-03-02 17:27:09,470 - INFO - 当前时间: 2026-03-02 17:27:09
2026-03-02 17:27:09,471 - INFO - 开始执行新的一轮任务...
2026-03-02 17:27:09,471 - INFO - 
正在打开PubMed网站...
2026-03-02 17:27:19,476 - INFO - 
正在执行搜索: (PCL) AND (Light curing)
2026-03-02 17:27:27,753 - INFO - 
正在获取RSS订阅链接...
2026-03-02 17:27:27,817 - ERROR - 获取RSS链接时出错: The confidence keyword argument is only available if OpenCV is installed.
2026-03-02 17:27:27,818 - INFO - 正在关闭所有浏览器进程...
2026-03-02 17:27:27,822 - INFO - 已关闭 17 个浏览器进程
2026-03-02 17:27:27,822 - INFO - 当前时间: 2026-03-02 17:27:27
2026-03-02 17:27:27,822 - INFO - 开始执行新的一轮任务...
2026-03-02 17:27:27,822 - INFO - 
正在打开PubMed网站...
2026-03-02 17:27:37,830 - INFO - 
正在执行搜索: (PCL) AND (Light curing)
2026-03-02 17:27:46,086 - INFO - 
正在获取RSS订阅链接...
2026-03-02 17:27:46,149 - ERROR - 获取RSS链接时出错: The confidence keyword argument is only available if OpenCV is installed.
2026-03-02 17:27:46,150 - INFO - 正在关闭所有浏览器进程...
2026-03-02 17:27:46,155 - INFO - 已关闭 25 个浏览器进程
2026-03-02 17:27:46,156 - INFO - 当前时间: 2026-03-02 17:27:46
2026-03-02 17:27:46,156 - INFO - 开始执行新的一轮任务...
2026-03-02 17:27:46,156 - INFO - 
正在打开PubMed网站...
2026-03-02 17:27:56,163 - INFO - 
正在执行搜索: (PCL) AND (Light curing)
2026-03-02 17:28:04,430 - INFO - 
正在获取RSS订阅链接...
2026-03-02 17:28:04,498 - ERROR - 获取RSS链接时出错: The confidence keyword argument is only available if OpenCV is installed.
2026-03-02 17:28:04,499 - INFO - 正在关闭所有浏览器进程...
2026-03-02 17:28:04,504 - INFO - 已关闭 23 个浏览器进程
2026-03-02 17:28:04,504 - INFO - 当前时间: 2026-03-02 17:28:04
2026-03-02 17:28:04,504 - INFO - 开始执行新的一轮任务...
2026-03-02 17:28:04,504 - INFO - 
正在打开PubMed网站...
2026-03-02 17:28:14,511 - INFO - 
正在执行搜索: (PCL) AND (Light curing)
2026-03-02 17:28:22,775 - INFO - 
正在获取RSS订阅链接...
2026-03-02 17:28:22,846 - ERROR - 获取RSS链接时出错: The confidence keyword argument is only available if OpenCV is installed.
2026-03-02 17:28:22,847 - INFO - 正在关闭所有浏览器进程...
2026-03-02 17:28:22,850 - INFO - 已关闭 17 个浏览器进程
2026-03-02 17:28:22,850 - INFO - 当前时间: 2026-03-02 17:28:22
2026-03-02 17:28:22,850 - INFO - 开始执行新的一轮任务...
2026-03-02 17:28:22,851 - INFO - 
正在打开PubMed网站...
2026-03-02 17:28:32,856 - INFO - 
正在执行搜索: (PCL) AND (Light curing)
2026-03-02 17:28:38,037 - INFO - 正在关闭所有浏览器进程...
2026-03-02 17:28:38,040 - INFO - 已关闭 17 个浏览器进程
2026-03-06 10:46:12,303 - INFO - 程序启动于: 2026-03-06 10:46:12.303666
2026-03-06 10:46:12,303 - INFO - === PubMed RSS DOI提取程序 ===
2026-03-06 10:46:12,304 - INFO - 当前时间: 2026-03-06 10:46:12
2026-03-06 10:46:12,304 - INFO - 开始执行新的一轮任务...
2026-03-06 10:46:12,304 - INFO - 
正在打开PubMed网站...
2026-03-06 10:46:22,350 - INFO - 
正在执行搜索: (PCL) AND (Light curing)
2026-03-06 10:46:30,628 - INFO - 
正在获取RSS订阅链接...
2026-03-06 10:46:30,720 - ERROR - 获取RSS链接时出错: The confidence keyword argument is only available if OpenCV is installed.
2026-03-06 10:46:30,721 - INFO - 正在关闭所有浏览器进程...
2026-03-06 10:46:30,739 - INFO - 已关闭 26 个浏览器进程
2026-03-06 10:46:30,739 - INFO - 当前时间: 2026-03-06 10:46:30
2026-03-06 10:46:30,739 - INFO - 开始执行新的一轮任务...
2026-03-06 10:46:30,739 - INFO - 
正在打开PubMed网站...
2026-03-06 10:46:40,743 - INFO - 
正在执行搜索: (PCL) AND (Light curing)
2026-03-06 10:46:44,137 - INFO - 正在关闭所有浏览器进程...
2026-03-06 10:46:44,144 - INFO - 已关闭 28 个浏览器进程
2026-03-06 10:53:45,325 - INFO - 程序启动于: 2026-03-06 10:53:45.324979
2026-03-06 10:53:45,325 - INFO - === PubMed RSS DOI提取程序 ===
2026-03-06 10:53:45,325 - INFO - 当前时间: 2026-03-06 10:53:45
2026-03-06 10:53:45,325 - INFO - 开始执行新的一轮任务...
2026-03-06 10:53:45,326 - INFO - 
正在打开PubMed网站...
2026-03-06 10:53:55,373 - INFO - 
正在执行搜索: (PCL) AND (Light curing)
2026-03-06 10:54:03,653 - INFO - 
正在获取RSS订阅链接...
2026-03-06 10:54:03,894 - ERROR - 获取RSS链接时出错: 
2026-03-06 10:54:03,897 - INFO - 正在关闭所有浏览器进程...
2026-03-06 10:54:03,913 - INFO - 已关闭 26 个浏览器进程
2026-03-06 10:54:03,914 - INFO - 当前时间: 2026-03-06 10:54:03
2026-03-06 10:54:03,914 - INFO - 开始执行新的一轮任务...
2026-03-06 10:54:03,914 - INFO - 
正在打开PubMed网站...
2026-03-06 10:54:13,919 - INFO - 
正在执行搜索: (PCL) AND (Light curing)
2026-03-06 11:06:10,920 - INFO - 程序启动于: 2026-03-06 11:06:10.920512
2026-03-06 11:06:10,920 - INFO - === PubMed RSS DOI提取程序 ===
2026-03-06 11:06:10,920 - INFO - 当前时间: 2026-03-06 11:06:10
2026-03-06 11:06:10,920 - INFO - 开始执行新的一轮任务...
2026-03-06 11:06:10,921 - INFO - 已创建新的CSV文件: D:\PaperTtest\PaperDoi.csv
2026-03-06 11:06:10,921 - INFO - 
正在打开PubMed网站...
2026-03-06 11:06:20,970 - INFO - 
正在执行搜索: (PCL) AND (Light curing)
2026-03-06 11:06:27,531 - INFO - 正在关闭所有浏览器进程...
2026-03-06 11:06:27,549 - INFO - 已关闭 28 个浏览器进程
2026-03-06 11:06:29,855 - INFO - 程序启动于: 2026-03-06 11:06:29.855884
2026-03-06 11:06:29,856 - INFO - === PubMed RSS DOI提取程序 ===
2026-03-06 11:06:29,856 - INFO - 当前时间: 2026-03-06 11:06:29
2026-03-06 11:06:29,856 - INFO - 开始执行新的一轮任务...
2026-03-06 11:06:29,856 - INFO - 
正在打开PubMed网站...
2026-03-06 11:06:39,905 - INFO - 
正在执行搜索: (PCL) AND (Light curing)
2026-03-06 11:06:48,189 - INFO - 
正在获取RSS订阅链接...
2026-03-06 11:06:48,427 - ERROR - 获取RSS链接时出错: 
2026-03-06 11:06:48,430 - INFO - 正在关闭所有浏览器进程...
2026-03-06 11:06:48,446 - INFO - 已关闭 17 个浏览器进程
2026-03-06 11:06:48,446 - INFO - 当前时间: 2026-03-06 11:06:48
2026-03-06 11:06:48,446 - INFO - 开始执行新的一轮任务...
2026-03-06 11:06:48,446 - INFO - 
正在打开PubMed网站...
2026-03-06 11:06:58,451 - INFO - 
正在执行搜索: (PCL) AND (Light curing)
2026-03-06 11:07:03,059 - INFO - 正在关闭所有浏览器进程...
2026-03-06 11:07:03,062 - INFO - 已关闭 16 个浏览器进程
